2026-07-27T23:19:52Z worker: 1 ready issue(s) (owner:sana, has a DoR, not owner:assaf)
2026-07-27T23:19:53Z skip ASK-AAA: PR #903 verdict is 'APPROVE' -- nothing to rework, waiting on founder merge
2026-07-27T23:19:53Z worker: run complete
2026-07-27T23:19:53Z worker: 1 ready issue(s) (owner:sana, has a DoR, not owner:assaf)
2026-07-27T23:19:53Z ASK-AAA: PR #903 is 'APPROVE' but DIRTY -- dispatching rebase round 2/2
2026-07-27T23:19:53Z start ASK-AAA on sana/ask-aaa in /Users/assafkipnis/projects/kipi-system/.pr25rev/rev4-71615/s3/worktrees/ask-aaa (attempt 1/3)
2026-07-27T23:19:53Z ok ASK-AAA
2026-07-27T23:19:53Z review PR #903 for ASK-AAA (round 1)
2026-07-27T23:19:53Z reviewing PR #903: 
  linked issue: ASK-AAA
  round: 1
2026-07-27T23:19:53Z running the reviewer (bounded at 2400s)...
2026-07-27T23:19:53Z review written: /Users/assafkipnis/projects/kipi-system/.pr25rev/rev4-71615/home/.config/kipi/pr-reviews/pr-903-20260727-161953.md
  NOTE: no FINDINGS block; verdict read from prose (weaker)
  verdict: unstated
{"ready":[{"id":"ASK-AAA","title":"t","project":"p"}],"total_open":1}
  posted to PR #903
  progress noted on ASK-AAA
2026-07-27T23:19:53Z done
2026-07-27T23:19:53Z ASK-AAA converged: APPROVE after 1 round(s); PR #903 waits on founder merge
2026-07-27T23:19:53Z worker: run complete
2026-07-27T23:19:53Z worker: 1 ready issue(s) (owner:sana, has a DoR, not owner:assaf)
2026-07-27T23:19:53Z skip ASK-AAA: PR #903 is 'APPROVE' but DIRTY after 2/2 conflict round(s) -- a human resolves this one.
2026-07-27T23:19:53Z worker: run complete
