2026-07-27T23:19:51Z worker: 1 ready issue(s) (owner:sana, has a DoR, not owner:assaf)
2026-07-27T23:19:51Z skip ASK-AAA: /Users/assafkipnis/projects/kipi-system/.pr25rev/rev4-71615/s2/worktrees/ask-aaa is missing PR #902's commits and cannot be moved onto them -- the tree holds 1 commit(s) that exist nowhere else. Refusing a round that would force-push over the PR. A human resolves this one: /Users/assafkipnis/projects/kipi-system/.pr25rev/rev4-71615/s2/worktrees/ask-aaa
2026-07-27T23:19:51Z worker: run complete
2026-07-27T23:19:51Z worker: 1 ready issue(s) (owner:sana, has a DoR, not owner:assaf)
2026-07-27T23:19:52Z ASK-AAA: PR #902 is 'APPROVE' but DIRTY -- dispatching rebase round 1/2
2026-07-27T23:19:52Z start ASK-AAA on sana/ask-aaa in /Users/assafkipnis/projects/kipi-system/.pr25rev/rev4-71615/s2/worktrees/ask-aaa (attempt 1/3)
2026-07-27T23:19:52Z ok ASK-AAA
2026-07-27T23:19:52Z review PR #902 for ASK-AAA (round 1)
2026-07-27T23:19:52Z reviewing PR #902: 
  linked issue: ASK-AAA
  round: 1
2026-07-27T23:19:52Z running the reviewer (bounded at 2400s)...
2026-07-27T23:19:52Z review written: /Users/assafkipnis/projects/kipi-system/.pr25rev/rev4-71615/home/.config/kipi/pr-reviews/pr-902-20260727-161952.md
  NOTE: no FINDINGS block; verdict read from prose (weaker)
  verdict: unstated
{"ready":[{"id":"ASK-AAA","title":"t","project":"p"}],"total_open":1}
  posted to PR #902
  progress noted on ASK-AAA
2026-07-27T23:19:52Z done
2026-07-27T23:19:52Z ASK-AAA converged: APPROVE after 1 round(s); PR #902 waits on founder merge
2026-07-27T23:19:52Z worker: run complete
2026-07-27T23:19:52Z worker: 1 ready issue(s) (owner:sana, has a DoR, not owner:assaf)
2026-07-27T23:19:52Z skip ASK-AAA: /Users/assafkipnis/projects/kipi-system/.pr25rev/rev4-71615/s2/worktrees/ask-aaa is missing PR #902's commits and cannot be moved onto them -- the tree holds 1 commit(s) that exist nowhere else. Refusing a round that would force-push over the PR. A human resolves this one: /Users/assafkipnis/projects/kipi-system/.pr25rev/rev4-71615/s2/worktrees/ask-aaa
2026-07-27T23:19:52Z worker: run complete
